[
  {
    "marker": {
      "fileName": "/tests/cases/fourslash/quickInfoDisplayPartsClassAccessors.ts",
      "position": 25
    },
    "quickInfo": {
      "kind": "原型",
      "kindModifiers": "公开",
      "textSpan": {
        "start": 25,
        "length": 14
      },
      "displayParts": [
        {
          "text": "(",
          "kind": "punctuation"
        },
        {
          "text": "原型",
          "kind": "text"
        },
        {
          "text": ")",
          "kind": "punctuation"
        },
        {
          "text": " ",
          "kind": "space"
        },
        {
          "text": "c",
          "kind": "className"
        },
        {
          "text": ".",
          "kind": "punctuation"
        },
        {
          "text": "publicProperty",
          "kind": "propertyName"
        },
        {
          "text": ":",
          "kind": "punctuation"
        },
        {
          "text": " ",
          "kind": "space"
        },
        {
          "text": "string",
          "kind": "keyword"
        }
      ],
      "documentation": [],
      "tags": []
    }
  },
  {
    "marker": {
      "fileName": "/tests/cases/fourslash/quickInfoDisplayPartsClassAccessors.ts",
      "position": 72
    },
    "quickInfo": {
      "kind": "原型",
      "kindModifiers": "公开",
      "textSpan": {
        "start": 72,
        "length": 14
      },
      "displayParts": [
        {
          "text": "(",
          "kind": "punctuation"
        },
        {
          "text": "原型",
          "kind": "text"
        },
        {
          "text": ")",
          "kind": "punctuation"
        },
        {
          "text": " ",
          "kind": "space"
        },
        {
          "text": "c",
          "kind": "className"
        },
        {
          "text": ".",
          "kind": "punctuation"
        },
        {
          "text": "publicProperty",
          "kind": "propertyName"
        },
        {
          "text": ":",
          "kind": "punctuation"
        },
        {
          "text": " ",
          "kind": "space"
        },
        {
          "text": "string",
          "kind": "keyword"
        }
      ],
      "documentation": [],
      "tags": []
    }
  },
  {
    "marker": {
      "fileName": "/tests/cases/fourslash/quickInfoDisplayPartsClassAccessors.ts",
      "position": 118
    },
    "quickInfo": {
      "kind": "原型",
      "kindModifiers": "私有",
      "textSpan": {
        "start": 118,
        "length": 15
      },
      "displayParts": [
        {
          "text": "(",
          "kind": "punctuation"
        },
        {
          "text": "原型",
          "kind": "text"
        },
        {
          "text": ")",
          "kind": "punctuation"
        },
        {
          "text": " ",
          "kind": "space"
        },
        {
          "text": "c",
          "kind": "className"
        },
        {
          "text": ".",
          "kind": "punctuation"
        },
        {
          "text": "privateProperty",
          "kind": "propertyName"
        },
        {
          "text": ":",
          "kind": "punctuation"
        },
        {
          "text": " ",
          "kind": "space"
        },
        {
          "text": "string",
          "kind": "keyword"
        }
      ],
      "documentation": [],
      "tags": []
    }
  },
  {
    "marker": {
      "fileName": "/tests/cases/fourslash/quickInfoDisplayPartsClassAccessors.ts",
      "position": 167
    },
    "quickInfo": {
      "kind": "原型",
      "kindModifiers": "私有",
      "textSpan": {
        "start": 167,
        "length": 15
      },
      "displayParts": [
        {
          "text": "(",
          "kind": "punctuation"
        },
        {
          "text": "原型",
          "kind": "text"
        },
        {
          "text": ")",
          "kind": "punctuation"
        },
        {
          "text": " ",
          "kind": "space"
        },
        {
          "text": "c",
          "kind": "className"
        },
        {
          "text": ".",
          "kind": "punctuation"
        },
        {
          "text": "privateProperty",
          "kind": "propertyName"
        },
        {
          "text": ":",
          "kind": "punctuation"
        },
        {
          "text": " ",
          "kind": "space"
        },
        {
          "text": "string",
          "kind": "keyword"
        }
      ],
      "documentation": [],
      "tags": []
    }
  },
  {
    "marker": {
      "fileName": "/tests/cases/fourslash/quickInfoDisplayPartsClassAccessors.ts",
      "position": 216
    },
    "quickInfo": {
      "kind": "原型",
      "kindModifiers": "保护",
      "textSpan": {
        "start": 216,
        "length": 17
      },
      "displayParts": [
        {
          "text": "(",
          "kind": "punctuation"
        },
        {
          "text": "原型",
          "kind": "text"
        },
        {
          "text": ")",
          "kind": "punctuation"
        },
        {
          "text": " ",
          "kind": "space"
        },
        {
          "text": "c",
          "kind": "className"
        },
        {
          "text": ".",
          "kind": "punctuation"
        },
        {
          "text": "protectedProperty",
          "kind": "propertyName"
        },
        {
          "text": ":",
          "kind": "punctuation"
        },
        {
          "text": " ",
          "kind": "space"
        },
        {
          "text": "string",
          "kind": "keyword"
        }
      ],
      "documentation": [],
      "tags": []
    }
  },
  {
    "marker": {
      "fileName": "/tests/cases/fourslash/quickInfoDisplayPartsClassAccessors.ts",
      "position": 269
    },
    "quickInfo": {
      "kind": "原型",
      "kindModifiers": "保护",
      "textSpan": {
        "start": 269,
        "length": 17
      },
      "displayParts": [
        {
          "text": "(",
          "kind": "punctuation"
        },
        {
          "text": "原型",
          "kind": "text"
        },
        {
          "text": ")",
          "kind": "punctuation"
        },
        {
          "text": " ",
          "kind": "space"
        },
        {
          "text": "c",
          "kind": "className"
        },
        {
          "text": ".",
          "kind": "punctuation"
        },
        {
          "text": "protectedProperty",
          "kind": "propertyName"
        },
        {
          "text": ":",
          "kind": "punctuation"
        },
        {
          "text": " ",
          "kind": "space"
        },
        {
          "text": "string",
          "kind": "keyword"
        }
      ],
      "documentation": [],
      "tags": []
    }
  },
  {
    "marker": {
      "fileName": "/tests/cases/fourslash/quickInfoDisplayPartsClassAccessors.ts",
      "position": 317
    },
    "quickInfo": {
      "kind": "原型",
      "kindModifiers": "静态",
      "textSpan": {
        "start": 317,
        "length": 14
      },
      "displayParts": [
        {
          "text": "(",
          "kind": "punctuation"
        },
        {
          "text": "原型",
          "kind": "text"
        },
        {
          "text": ")",
          "kind": "punctuation"
        },
        {
          "text": " ",
          "kind": "space"
        },
        {
          "text": "c",
          "kind": "className"
        },
        {
          "text": ".",
          "kind": "punctuation"
        },
        {
          "text": "staticProperty",
          "kind": "propertyName"
        },
        {
          "text": ":",
          "kind": "punctuation"
        },
        {
          "text": " ",
          "kind": "space"
        },
        {
          "text": "string",
          "kind": "keyword"
        }
      ],
      "documentation": [],
      "tags": []
    }
  },
  {
    "marker": {
      "fileName": "/tests/cases/fourslash/quickInfoDisplayPartsClassAccessors.ts",
      "position": 364
    },
    "quickInfo": {
      "kind": "原型",
      "kindModifiers": "静态",
      "textSpan": {
        "start": 364,
        "length": 14
      },
      "displayParts": [
        {
          "text": "(",
          "kind": "punctuation"
        },
        {
          "text": "原型",
          "kind": "text"
        },
        {
          "text": ")",
          "kind": "punctuation"
        },
        {
          "text": " ",
          "kind": "space"
        },
        {
          "text": "c",
          "kind": "className"
        },
        {
          "text": ".",
          "kind": "punctuation"
        },
        {
          "text": "staticProperty",
          "kind": "propertyName"
        },
        {
          "text": ":",
          "kind": "punctuation"
        },
        {
          "text": " ",
          "kind": "space"
        },
        {
          "text": "string",
          "kind": "keyword"
        }
      ],
      "documentation": [],
      "tags": []
    }
  },
  {
    "marker": {
      "fileName": "/tests/cases/fourslash/quickInfoDisplayPartsClassAccessors.ts",
      "position": 418
    },
    "quickInfo": {
      "kind": "原型",
      "kindModifiers": "私有,静态",
      "textSpan": {
        "start": 418,
        "length": 21
      },
      "displayParts": [
        {
          "text": "(",
          "kind": "punctuation"
        },
        {
          "text": "原型",
          "kind": "text"
        },
        {
          "text": ")",
          "kind": "punctuation"
        },
        {
          "text": " ",
          "kind": "space"
        },
        {
          "text": "c",
          "kind": "className"
        },
        {
          "text": ".",
          "kind": "punctuation"
        },
        {
          "text": "privateStaticProperty",
          "kind": "propertyName"
        },
        {
          "text": ":",
          "kind": "punctuation"
        },
        {
          "text": " ",
          "kind": "space"
        },
        {
          "text": "string",
          "kind": "keyword"
        }
      ],
      "documentation": [],
      "tags": []
    }
  },
  {
    "marker": {
      "fileName": "/tests/cases/fourslash/quickInfoDisplayPartsClassAccessors.ts",
      "position": 480
    },
    "quickInfo": {
      "kind": "原型",
      "kindModifiers": "私有,静态",
      "textSpan": {
        "start": 480,
        "length": 21
      },
      "displayParts": [
        {
          "text": "(",
          "kind": "punctuation"
        },
        {
          "text": "原型",
          "kind": "text"
        },
        {
          "text": ")",
          "kind": "punctuation"
        },
        {
          "text": " ",
          "kind": "space"
        },
        {
          "text": "c",
          "kind": "className"
        },
        {
          "text": ".",
          "kind": "punctuation"
        },
        {
          "text": "privateStaticProperty",
          "kind": "propertyName"
        },
        {
          "text": ":",
          "kind": "punctuation"
        },
        {
          "text": " ",
          "kind": "space"
        },
        {
          "text": "string",
          "kind": "keyword"
        }
      ],
      "documentation": [],
      "tags": []
    }
  },
  {
    "marker": {
      "fileName": "/tests/cases/fourslash/quickInfoDisplayPartsClassAccessors.ts",
      "position": 542
    },
    "quickInfo": {
      "kind": "原型",
      "kindModifiers": "保护,静态",
      "textSpan": {
        "start": 542,
        "length": 23
      },
      "displayParts": [
        {
          "text": "(",
          "kind": "punctuation"
        },
        {
          "text": "原型",
          "kind": "text"
        },
        {
          "text": ")",
          "kind": "punctuation"
        },
        {
          "text": " ",
          "kind": "space"
        },
        {
          "text": "c",
          "kind": "className"
        },
        {
          "text": ".",
          "kind": "punctuation"
        },
        {
          "text": "protectedStaticProperty",
          "kind": "propertyName"
        },
        {
          "text": ":",
          "kind": "punctuation"
        },
        {
          "text": " ",
          "kind": "space"
        },
        {
          "text": "string",
          "kind": "keyword"
        }
      ],
      "documentation": [],
      "tags": []
    }
  },
  {
    "marker": {
      "fileName": "/tests/cases/fourslash/quickInfoDisplayPartsClassAccessors.ts",
      "position": 608
    },
    "quickInfo": {
      "kind": "原型",
      "kindModifiers": "保护,静态",
      "textSpan": {
        "start": 608,
        "length": 23
      },
      "displayParts": [
        {
          "text": "(",
          "kind": "punctuation"
        },
        {
          "text": "原型",
          "kind": "text"
        },
        {
          "text": ")",
          "kind": "punctuation"
        },
        {
          "text": " ",
          "kind": "space"
        },
        {
          "text": "c",
          "kind": "className"
        },
        {
          "text": ".",
          "kind": "punctuation"
        },
        {
          "text": "protectedStaticProperty",
          "kind": "propertyName"
        },
        {
          "text": ":",
          "kind": "punctuation"
        },
        {
          "text": " ",
          "kind": "space"
        },
        {
          "text": "string",
          "kind": "keyword"
        }
      ],
      "documentation": [],
      "tags": []
    }
  },
  {
    "marker": {
      "fileName": "/tests/cases/fourslash/quickInfoDisplayPartsClassAccessors.ts",
      "position": 703
    },
    "quickInfo": {
      "kind": "原型",
      "kindModifiers": "公开",
      "textSpan": {
        "start": 703,
        "length": 14
      },
      "displayParts": [
        {
          "text": "(",
          "kind": "punctuation"
        },
        {
          "text": "原型",
          "kind": "text"
        },
        {
          "text": ")",
          "kind": "punctuation"
        },
        {
          "text": " ",
          "kind": "space"
        },
        {
          "text": "c",
          "kind": "className"
        },
        {
          "text": ".",
          "kind": "punctuation"
        },
        {
          "text": "publicProperty",
          "kind": "propertyName"
        },
        {
          "text": ":",
          "kind": "punctuation"
        },
        {
          "text": " ",
          "kind": "space"
        },
        {
          "text": "string",
          "kind": "keyword"
        }
      ],
      "documentation": [],
      "tags": []
    }
  },
  {
    "marker": {
      "fileName": "/tests/cases/fourslash/quickInfoDisplayPartsClassAccessors.ts",
      "position": 736
    },
    "quickInfo": {
      "kind": "原型",
      "kindModifiers": "私有",
      "textSpan": {
        "start": 736,
        "length": 15
      },
      "displayParts": [
        {
          "text": "(",
          "kind": "punctuation"
        },
        {
          "text": "原型",
          "kind": "text"
        },
        {
          "text": ")",
          "kind": "punctuation"
        },
        {
          "text": " ",
          "kind": "space"
        },
        {
          "text": "c",
          "kind": "className"
        },
        {
          "text": ".",
          "kind": "punctuation"
        },
        {
          "text": "privateProperty",
          "kind": "propertyName"
        },
        {
          "text": ":",
          "kind": "punctuation"
        },
        {
          "text": " ",
          "kind": "space"
        },
        {
          "text": "string",
          "kind": "keyword"
        }
      ],
      "documentation": [],
      "tags": []
    }
  },
  {
    "marker": {
      "fileName": "/tests/cases/fourslash/quickInfoDisplayPartsClassAccessors.ts",
      "position": 770
    },
    "quickInfo": {
      "kind": "原型",
      "kindModifiers": "保护",
      "textSpan": {
        "start": 770,
        "length": 17
      },
      "displayParts": [
        {
          "text": "(",
          "kind": "punctuation"
        },
        {
          "text": "原型",
          "kind": "text"
        },
        {
          "text": ")",
          "kind": "punctuation"
        },
        {
          "text": " ",
          "kind": "space"
        },
        {
          "text": "c",
          "kind": "className"
        },
        {
          "text": ".",
          "kind": "punctuation"
        },
        {
          "text": "protectedProperty",
          "kind": "propertyName"
        },
        {
          "text": ":",
          "kind": "punctuation"
        },
        {
          "text": " ",
          "kind": "space"
        },
        {
          "text": "string",
          "kind": "keyword"
        }
      ],
      "documentation": [],
      "tags": []
    }
  },
  {
    "marker": {
      "fileName": "/tests/cases/fourslash/quickInfoDisplayPartsClassAccessors.ts",
      "position": 803
    },
    "quickInfo": {
      "kind": "原型",
      "kindModifiers": "静态",
      "textSpan": {
        "start": 803,
        "length": 14
      },
      "displayParts": [
        {
          "text": "(",
          "kind": "punctuation"
        },
        {
          "text": "原型",
          "kind": "text"
        },
        {
          "text": ")",
          "kind": "punctuation"
        },
        {
          "text": " ",
          "kind": "space"
        },
        {
          "text": "c",
          "kind": "className"
        },
        {
          "text": ".",
          "kind": "punctuation"
        },
        {
          "text": "staticProperty",
          "kind": "propertyName"
        },
        {
          "text": ":",
          "kind": "punctuation"
        },
        {
          "text": " ",
          "kind": "space"
        },
        {
          "text": "string",
          "kind": "keyword"
        }
      ],
      "documentation": [],
      "tags": []
    }
  },
  {
    "marker": {
      "fileName": "/tests/cases/fourslash/quickInfoDisplayPartsClassAccessors.ts",
      "position": 833
    },
    "quickInfo": {
      "kind": "原型",
      "kindModifiers": "私有,静态",
      "textSpan": {
        "start": 833,
        "length": 21
      },
      "displayParts": [
        {
          "text": "(",
          "kind": "punctuation"
        },
        {
          "text": "原型",
          "kind": "text"
        },
        {
          "text": ")",
          "kind": "punctuation"
        },
        {
          "text": " ",
          "kind": "space"
        },
        {
          "text": "c",
          "kind": "className"
        },
        {
          "text": ".",
          "kind": "punctuation"
        },
        {
          "text": "privateStaticProperty",
          "kind": "propertyName"
        },
        {
          "text": ":",
          "kind": "punctuation"
        },
        {
          "text": " ",
          "kind": "space"
        },
        {
          "text": "string",
          "kind": "keyword"
        }
      ],
      "documentation": [],
      "tags": []
    }
  },
  {
    "marker": {
      "fileName": "/tests/cases/fourslash/quickInfoDisplayPartsClassAccessors.ts",
      "position": 870
    },
    "quickInfo": {
      "kind": "原型",
      "kindModifiers": "保护,静态",
      "textSpan": {
        "start": 870,
        "length": 23
      },
      "displayParts": [
        {
          "text": "(",
          "kind": "punctuation"
        },
        {
          "text": "原型",
          "kind": "text"
        },
        {
          "text": ")",
          "kind": "punctuation"
        },
        {
          "text": " ",
          "kind": "space"
        },
        {
          "text": "c",
          "kind": "className"
        },
        {
          "text": ".",
          "kind": "punctuation"
        },
        {
          "text": "protectedStaticProperty",
          "kind": "propertyName"
        },
        {
          "text": ":",
          "kind": "punctuation"
        },
        {
          "text": " ",
          "kind": "space"
        },
        {
          "text": "string",
          "kind": "keyword"
        }
      ],
      "documentation": [],
      "tags": []
    }
  },
  {
    "marker": {
      "fileName": "/tests/cases/fourslash/quickInfoDisplayPartsClassAccessors.ts",
      "position": 908
    },
    "quickInfo": {
      "kind": "原型",
      "kindModifiers": "公开",
      "textSpan": {
        "start": 908,
        "length": 14
      },
      "displayParts": [
        {
          "text": "(",
          "kind": "punctuation"
        },
        {
          "text": "原型",
          "kind": "text"
        },
        {
          "text": ")",
          "kind": "punctuation"
        },
        {
          "text": " ",
          "kind": "space"
        },
        {
          "text": "c",
          "kind": "className"
        },
        {
          "text": ".",
          "kind": "punctuation"
        },
        {
          "text": "publicProperty",
          "kind": "propertyName"
        },
        {
          "text": ":",
          "kind": "punctuation"
        },
        {
          "text": " ",
          "kind": "space"
        },
        {
          "text": "string",
          "kind": "keyword"
        }
      ],
      "documentation": [],
      "tags": []
    }
  },
  {
    "marker": {
      "fileName": "/tests/cases/fourslash/quickInfoDisplayPartsClassAccessors.ts",
      "position": 942
    },
    "quickInfo": {
      "kind": "原型",
      "kindModifiers": "私有",
      "textSpan": {
        "start": 942,
        "length": 15
      },
      "displayParts": [
        {
          "text": "(",
          "kind": "punctuation"
        },
        {
          "text": "原型",
          "kind": "text"
        },
        {
          "text": ")",
          "kind": "punctuation"
        },
        {
          "text": " ",
          "kind": "space"
        },
        {
          "text": "c",
          "kind": "className"
        },
        {
          "text": ".",
          "kind": "punctuation"
        },
        {
          "text": "privateProperty",
          "kind": "propertyName"
        },
        {
          "text": ":",
          "kind": "punctuation"
        },
        {
          "text": " ",
          "kind": "space"
        },
        {
          "text": "string",
          "kind": "keyword"
        }
      ],
      "documentation": [],
      "tags": []
    }
  },
  {
    "marker": {
      "fileName": "/tests/cases/fourslash/quickInfoDisplayPartsClassAccessors.ts",
      "position": 977
    },
    "quickInfo": {
      "kind": "原型",
      "kindModifiers": "保护",
      "textSpan": {
        "start": 977,
        "length": 17
      },
      "displayParts": [
        {
          "text": "(",
          "kind": "punctuation"
        },
        {
          "text": "原型",
          "kind": "text"
        },
        {
          "text": ")",
          "kind": "punctuation"
        },
        {
          "text": " ",
          "kind": "space"
        },
        {
          "text": "c",
          "kind": "className"
        },
        {
          "text": ".",
          "kind": "punctuation"
        },
        {
          "text": "protectedProperty",
          "kind": "propertyName"
        },
        {
          "text": ":",
          "kind": "punctuation"
        },
        {
          "text": " ",
          "kind": "space"
        },
        {
          "text": "string",
          "kind": "keyword"
        }
      ],
      "documentation": [],
      "tags": []
    }
  },
  {
    "marker": {
      "fileName": "/tests/cases/fourslash/quickInfoDisplayPartsClassAccessors.ts",
      "position": 1011
    },
    "quickInfo": {
      "kind": "原型",
      "kindModifiers": "静态",
      "textSpan": {
        "start": 1011,
        "length": 14
      },
      "displayParts": [
        {
          "text": "(",
          "kind": "punctuation"
        },
        {
          "text": "原型",
          "kind": "text"
        },
        {
          "text": ")",
          "kind": "punctuation"
        },
        {
          "text": " ",
          "kind": "space"
        },
        {
          "text": "c",
          "kind": "className"
        },
        {
          "text": ".",
          "kind": "punctuation"
        },
        {
          "text": "staticProperty",
          "kind": "propertyName"
        },
        {
          "text": ":",
          "kind": "punctuation"
        },
        {
          "text": " ",
          "kind": "space"
        },
        {
          "text": "string",
          "kind": "keyword"
        }
      ],
      "documentation": [],
      "tags": []
    }
  },
  {
    "marker": {
      "fileName": "/tests/cases/fourslash/quickInfoDisplayPartsClassAccessors.ts",
      "position": 1042
    },
    "quickInfo": {
      "kind": "原型",
      "kindModifiers": "私有,静态",
      "textSpan": {
        "start": 1042,
        "length": 21
      },
      "displayParts": [
        {
          "text": "(",
          "kind": "punctuation"
        },
        {
          "text": "原型",
          "kind": "text"
        },
        {
          "text": ")",
          "kind": "punctuation"
        },
        {
          "text": " ",
          "kind": "space"
        },
        {
          "text": "c",
          "kind": "className"
        },
        {
          "text": ".",
          "kind": "punctuation"
        },
        {
          "text": "privateStaticProperty",
          "kind": "propertyName"
        },
        {
          "text": ":",
          "kind": "punctuation"
        },
        {
          "text": " ",
          "kind": "space"
        },
        {
          "text": "string",
          "kind": "keyword"
        }
      ],
      "documentation": [],
      "tags": []
    }
  },
  {
    "marker": {
      "fileName": "/tests/cases/fourslash/quickInfoDisplayPartsClassAccessors.ts",
      "position": 1080
    },
    "quickInfo": {
      "kind": "原型",
      "kindModifiers": "保护,静态",
      "textSpan": {
        "start": 1080,
        "length": 23
      },
      "displayParts": [
        {
          "text": "(",
          "kind": "punctuation"
        },
        {
          "text": "原型",
          "kind": "text"
        },
        {
          "text": ")",
          "kind": "punctuation"
        },
        {
          "text": " ",
          "kind": "space"
        },
        {
          "text": "c",
          "kind": "className"
        },
        {
          "text": ".",
          "kind": "punctuation"
        },
        {
          "text": "protectedStaticProperty",
          "kind": "propertyName"
        },
        {
          "text": ":",
          "kind": "punctuation"
        },
        {
          "text": " ",
          "kind": "space"
        },
        {
          "text": "string",
          "kind": "keyword"
        }
      ],
      "documentation": [],
      "tags": []
    }
  },
  {
    "marker": {
      "fileName": "/tests/cases/fourslash/quickInfoDisplayPartsClassAccessors.ts",
      "position": 1162
    },
    "quickInfo": {
      "kind": "值量",
      "kindModifiers": "",
      "textSpan": {
        "start": 1162,
        "length": 9
      },
      "displayParts": [
        {
          "text": "var",
          "kind": "keyword"
        },
        {
          "text": " ",
          "kind": "space"
        },
        {
          "text": "cInstance",
          "kind": "localName"
        },
        {
          "text": ":",
          "kind": "punctuation"
        },
        {
          "text": " ",
          "kind": "space"
        },
        {
          "text": "c",
          "kind": "className"
        }
      ],
      "documentation": [],
      "tags": []
    }
  },
  {
    "marker": {
      "fileName": "/tests/cases/fourslash/quickInfoDisplayPartsClassAccessors.ts",
      "position": 1172
    },
    "quickInfo": {
      "kind": "原型",
      "kindModifiers": "公开",
      "textSpan": {
        "start": 1172,
        "length": 14
      },
      "displayParts": [
        {
          "text": "(",
          "kind": "punctuation"
        },
        {
          "text": "原型",
          "kind": "text"
        },
        {
          "text": ")",
          "kind": "punctuation"
        },
        {
          "text": " ",
          "kind": "space"
        },
        {
          "text": "c",
          "kind": "className"
        },
        {
          "text": ".",
          "kind": "punctuation"
        },
        {
          "text": "publicProperty",
          "kind": "propertyName"
        },
        {
          "text": ":",
          "kind": "punctuation"
        },
        {
          "text": " ",
          "kind": "space"
        },
        {
          "text": "string",
          "kind": "keyword"
        }
      ],
      "documentation": [],
      "tags": []
    }
  },
  {
    "marker": {
      "fileName": "/tests/cases/fourslash/quickInfoDisplayPartsClassAccessors.ts",
      "position": 1192
    },
    "quickInfo": {
      "kind": "类别",
      "kindModifiers": "",
      "textSpan": {
        "start": 1192,
        "length": 1
      },
      "displayParts": [
        {
          "text": "class",
          "kind": "keyword"
        },
        {
          "text": " ",
          "kind": "space"
        },
        {
          "text": "c",
          "kind": "className"
        }
      ],
      "documentation": [],
      "tags": []
    }
  },
  {
    "marker": {
      "fileName": "/tests/cases/fourslash/quickInfoDisplayPartsClassAccessors.ts",
      "position": 1194
    },
    "quickInfo": {
      "kind": "原型",
      "kindModifiers": "静态",
      "textSpan": {
        "start": 1194,
        "length": 14
      },
      "displayParts": [
        {
          "text": "(",
          "kind": "punctuation"
        },
        {
          "text": "原型",
          "kind": "text"
        },
        {
          "text": ")",
          "kind": "punctuation"
        },
        {
          "text": " ",
          "kind": "space"
        },
        {
          "text": "c",
          "kind": "className"
        },
        {
          "text": ".",
          "kind": "punctuation"
        },
        {
          "text": "staticProperty",
          "kind": "propertyName"
        },
        {
          "text": ":",
          "kind": "punctuation"
        },
        {
          "text": " ",
          "kind": "space"
        },
        {
          "text": "string",
          "kind": "keyword"
        }
      ],
      "documentation": [],
      "tags": []
    }
  },
  {
    "marker": {
      "fileName": "/tests/cases/fourslash/quickInfoDisplayPartsClassAccessors.ts",
      "position": 1210
    },
    "quickInfo": {
      "kind": "值量",
      "kindModifiers": "",
      "textSpan": {
        "start": 1210,
        "length": 9
      },
      "displayParts": [
        {
          "text": "var",
          "kind": "keyword"
        },
        {
          "text": " ",
          "kind": "space"
        },
        {
          "text": "cInstance",
          "kind": "localName"
        },
        {
          "text": ":",
          "kind": "punctuation"
        },
        {
          "text": " ",
          "kind": "space"
        },
        {
          "text": "c",
          "kind": "className"
        }
      ],
      "documentation": [],
      "tags": []
    }
  },
  {
    "marker": {
      "fileName": "/tests/cases/fourslash/quickInfoDisplayPartsClassAccessors.ts",
      "position": 1220
    },
    "quickInfo": {
      "kind": "原型",
      "kindModifiers": "公开",
      "textSpan": {
        "start": 1220,
        "length": 14
      },
      "displayParts": [
        {
          "text": "(",
          "kind": "punctuation"
        },
        {
          "text": "原型",
          "kind": "text"
        },
        {
          "text": ")",
          "kind": "punctuation"
        },
        {
          "text": " ",
          "kind": "space"
        },
        {
          "text": "c",
          "kind": "className"
        },
        {
          "text": ".",
          "kind": "punctuation"
        },
        {
          "text": "publicProperty",
          "kind": "propertyName"
        },
        {
          "text": ":",
          "kind": "punctuation"
        },
        {
          "text": " ",
          "kind": "space"
        },
        {
          "text": "string",
          "kind": "keyword"
        }
      ],
      "documentation": [],
      "tags": []
    }
  },
  {
    "marker": {
      "fileName": "/tests/cases/fourslash/quickInfoDisplayPartsClassAccessors.ts",
      "position": 1240
    },
    "quickInfo": {
      "kind": "类别",
      "kindModifiers": "",
      "textSpan": {
        "start": 1240,
        "length": 1
      },
      "displayParts": [
        {
          "text": "class",
          "kind": "keyword"
        },
        {
          "text": " ",
          "kind": "space"
        },
        {
          "text": "c",
          "kind": "className"
        }
      ],
      "documentation": [],
      "tags": []
    }
  },
  {
    "marker": {
      "fileName": "/tests/cases/fourslash/quickInfoDisplayPartsClassAccessors.ts",
      "position": 1242
    },
    "quickInfo": {
      "kind": "原型",
      "kindModifiers": "静态",
      "textSpan": {
        "start": 1242,
        "length": 14
      },
      "displayParts": [
        {
          "text": "(",
          "kind": "punctuation"
        },
        {
          "text": "原型",
          "kind": "text"
        },
        {
          "text": ")",
          "kind": "punctuation"
        },
        {
          "text": " ",
          "kind": "space"
        },
        {
          "text": "c",
          "kind": "className"
        },
        {
          "text": ".",
          "kind": "punctuation"
        },
        {
          "text": "staticProperty",
          "kind": "propertyName"
        },
        {
          "text": ":",
          "kind": "punctuation"
        },
        {
          "text": " ",
          "kind": "space"
        },
        {
          "text": "string",
          "kind": "keyword"
        }
      ],
      "documentation": [],
      "tags": []
    }
  }
]